../mylib/OLED_SH1106/oled0561.c:15:6:OLED0561_Init	8	static
../mylib/OLED_SH1106/oled0561.c:21:6:OLED_DISPLAY_ON	48	static
../mylib/OLED_SH1106/oled0561.c:45:6:OLED_DISPLAY_OFF	16	static
../mylib/OLED_SH1106/oled0561.c:52:6:OLED_DISPLAY_LIT	16	static
../mylib/OLED_SH1106/oled0561.c:56:6:OLED_DISPLAY_CLEAR	16	static
../mylib/OLED_SH1106/oled0561.c:70:6:OLED_DISPLAY_8x16	24	static
../mylib/OLED_SH1106/oled0561.c:86:6:OLED_DISPLAY_8x16_BUFFER	24	static
../mylib/OLED_SH1106/oled0561.c:93:6:INVERSE_OLED_DISPLAY_8x16	24	static
../mylib/OLED_SH1106/oled0561.c:113:6:OLED_DISPLAY_16x16	24	static
../mylib/OLED_SH1106/oled0561.c:127:6:INVERSE_OLED_DISPLAY_16x16	24	static
../mylib/OLED_SH1106/oled0561.c:144:6:OLED_DISPLAY_PIC1	16	static
